<html>
<body>
<pre>
<h1>µVision Build Log</h1>
<h2>Tool Versions:</h2>
IDE-Version: µVision V5.29.0.0
Copyright (C) 2019 ARM Ltd and ARM Germany GmbH. All rights reserved.
License Information: Motaz MostafaKaoud, Ainshams University, Faculty of Engineering, LIC=----
 
Tool Versions:
Toolchain:       MDK-Lite  Version: 5.29.0.0
Toolchain Path:  C:\Keil_v5\ARM\ARMCLANG\Bin
C Compiler:      ArmClang.exe V6.13.1
Assembler:       Armasm.exe V6.13.1
Linker/Locator:  ArmLink.exe V6.13.1
Library Manager: ArmAr.exe V6.13.1
Hex Converter:   FromElf.exe V6.13.1
CPU DLL:         SARMCM3.DLL V5.29.0.0
Dialog DLL:      DCM.DLL V1.17.3.0
Target DLL:      UL2CM3.DLL V1.163.0.0
Dialog DLL:      TCM.DLL V1.36.5.0
 
<h2>Project:</h2>
F:\ASUFE\Postgraduate\Learning_Courses\FWD Embedded Systems Advanced Track\Codes\_workspace\MotazKaoud-fwdAdvancedEmbedded-Project1\fwd project 1 repo\Code\Keil Project\fwd_AdvancedEmbedded_Project1.uvprojx
Project File Date:  09/25/2022

<h2>Output:</h2>
*** Using Compiler 'V6.13.1', folder: 'C:\Keil_v5\ARM\ARMCLANG\Bin'
Build target 'Target 1'
../COTS/Mcal/IntCtrl.c(15): warning: In file included from...
../COTS/Mcal/Inc\IntCtrl.h(17): warning: In file included from...
../COTS/Libraries\stdint.h(97): warning: '__sizeof_ptr' is not defined, evaluates to 0 [-Wundef]
#if __sizeof_ptr == 8
    ^
../COTS/Libraries\stdint.h(175): warning: '__sizeof_ptr' is not defined, evaluates to 0 [-Wundef]
#if __sizeof_ptr == 8
    ^
../COTS/Libraries\stdint.h(182): warning: '__sizeof_ptr' is not defined, evaluates to 0 [-Wundef]
#if __sizeof_ptr == 8
    ^
../COTS/Libraries\stdint.h(189): warning: '__sizeof_ptr' is not defined, evaluates to 0 [-Wundef]
#if __sizeof_ptr == 8
    ^
../COTS/Libraries\stdint.h(209): warning: '__sizeof_ptr' is not defined, evaluates to 0 [-Wundef]
#if __sizeof_ptr == 8
    ^
../COTS/Libraries\stdint.h(222): warning: '__sizeof_ptr' is not defined, evaluates to 0 [-Wundef]
#if __sizeof_ptr == 8
    ^
../COTS/Mcal/IntCtrl.c(57): warning: unused variable 'counter2' [-Wunused-variable]
uint32_t counter2 = 0;
         ^
7 warnings generated.
compiling IntCtrl.c...
linking...
Program Size: Code=1780 RO-data=652 RW-data=16 ZI-data=632  
".\Objects\fwd_AdvancedEmbedded_Project1.axf" - 0 Error(s), 7 Warning(s).

<h2>Software Packages used:</h2>

Package Vendor: ARM
                http://www.keil.com/pack/ARM.CMSIS.5.9.0.pack
                ARM.CMSIS.5.9.0
                CMSIS (Common Microcontroller Software Interface Standard)
   * Component: CORE Version: 5.6.0

Package Vendor: Keil
                http://www.keil.com/pack/Keil.TM4C_DFP.1.1.0.pack
                Keil.TM4C_DFP.1.1.0
                Texas Instruments Tiva C Series Device Support and Examples
   * Component: Startup Version: 1.0.1

<h2>Collection of Component include folders:</h2>
  .\RTE\_Target_1
  C:\Users\Moataz\AppData\Local\Arm\Packs\ARM\CMSIS\5.9.0\CMSIS\Core\Include
  C:\Users\Moataz\AppData\Local\Arm\Packs\Keil\TM4C_DFP\1.1.0\Device\Include\TM4C123

<h2>Collection of Component Files used:</h2>

   * Component: ARM::CMSIS:CORE:5.6.0

   * Component: Keil::Device:Startup:1.0.1
      Source file:   Device\Source\system_TM4C123.c
      Include file:  Device\Include\TM4C123\TM4C123.h
      Source file:   Device\Source\ARM\startup_TM4C123.s
Build Time Elapsed:  00:00:10
</pre>
</body>
</html>
